// Jest Snapshot v1, https://goo.gl/fbAQLP

exports[`AuthPage renders properly 1`] = `
<styled.div>
  <styled.div>
    <Switch>
      <Route
        component={[Function]}
        exact={true}
        path="/auth/"
      />
      <Route
        component={[Function]}
        exact={true}
        path="/auth/signup"
      />
      <Route
        component={[Function]}
        exact={true}
        path="/auth/login"
      />
    </Switch>
  </styled.div>
</styled.div>
`;
