// Jest Snapshot v1, https://goo.gl/fbAQLP

exports[`Transaction List renders properly 1`] = `
<styled.div>
  <styled.div>
    <Styled(NavLink)
      to="/transactions/new"
    >
      Add Transaction
    </Styled(NavLink)>
    <styled.div>
      <styled.div
        onClick={[Function]}
      >
        ‹
      </styled.div>
      <styled.div>
        May of 2020
      </styled.div>
      <styled.div
        onClick={[Function]}
      >
        ›
      </styled.div>
    </styled.div>
  </styled.div>
  <withRouter(Connect(Container))
    handleActiveItem={[Function]}
    isActive={true}
    key="1"
    transactionData={
      Object {
        "account": Object {
          "id": 1,
          "initialBalance": 0,
          "name": "Lorem",
        },
        "category": Object {
          "color": "#DDD",
          "id": 1,
          "name": "Transport",
        },
        "date": "2018-04-22",
        "description": "Uber",
        "id": 1,
        "transactionType": "expense",
        "value": 150.67,
      }
    }
  />
  <withRouter(Connect(Container))
    handleActiveItem={[Function]}
    isActive={false}
    key="2"
    transactionData={
      Object {
        "account": Object {
          "id": 2,
          "initialBalance": 0,
          "name": "Lorem",
        },
        "category": Object {
          "color": "lightblue",
          "id": 2,
          "name": "Salary",
        },
        "date": "2018-04-23",
        "description": "Lorem Ipsum Dolor Transaction Mousepad Monitor",
        "id": 2,
        "transactionType": "earning",
        "value": 200.43,
      }
    }
  />
</styled.div>
`;
