// Jest Snapshot v1, https://goo.gl/fbAQLP

exports[`TransactionItem renders properly 1`] = `
<styled.div>
  <styled.div>
    <styled.div>
      20/04/1994
    </styled.div>
    <styled.div>
       
      Lorem Ipsum
       
    </styled.div>
    <styled.div>
      <styled.div>
        Home
      </styled.div>
      <styled.div
        color="#777"
      />
    </styled.div>
    <styled.div
      transactionType="earning"
    >
       
      R$ 
       
    </styled.div>
  </styled.div>
  <styled.div>
    <styled.span>
       Edit 
    </styled.span>
    <styled.span
      onClick={[Function]}
    >
       Delete 
    </styled.span>
  </styled.div>
</styled.div>
`;
