// Jest Snapshot v1, https://goo.gl/fbAQLP

exports[`Account Item Container renders properly 1`] = `
<AccountItem
  accountData={
    Object {
      "currentBalance": "342.34",
      "id": 1,
      "initialBalance": "23423.00",
      "name": "Lorem",
    }
  }
  handleActiveItem={[Function]}
  handleDelete={[Function]}
  handleEdit={[Function]}
  isActive={false}
/>
`;
