// Jest Snapshot v1, https://goo.gl/fbAQLP

exports[`SignupForm renders properly 1`] = `
<React.Fragment>
  <styled.h2>
    Create an account
  </styled.h2>
  <styled.form
    onSubmit={[Function]}
  >
    <styled.input
      autoComplete="name"
      isValid={false}
      key="name"
      name="name"
      onChange={[Function]}
      placeholder="Full name"
      touched={false}
      type="text"
      value=""
    />
    <styled.input
      autoComplete="email"
      isValid={false}
      key="email"
      name="email"
      onChange={[Function]}
      placeholder="Email"
      touched={false}
      type="text"
      value=""
    />
    <styled.input
      autoComplete="password"
      isValid={false}
      key="password"
      name="password"
      onChange={[Function]}
      placeholder="Password"
      touched={false}
      type="password"
      value=""
    />
    <styled.input
      autoComplete="passwordConfirmation"
      isValid={false}
      key="passwordConfirmation"
      name="passwordConfirmation"
      onChange={[Function]}
      placeholder="Password confirmation"
      touched={false}
      type="password"
      value=""
    />
    <styled.button
      onClick={[Function]}
    >
      Sign Up
    </styled.button>
  </styled.form>
  <styled.div>
    Already have an account? 
    <Styled(NavLink)
      to="/auth/login"
    >
      Login here
    </Styled(NavLink)>
  </styled.div>
</React.Fragment>
`;
