// Jest Snapshot v1, https://goo.gl/fbAQLP

exports[`AccountItemContainer renders properly 1`] = `
<AccountItem
  accountData={
    Object {
      "id": 1,
      "initialBalance": "23423.00",
      "name": "Lorem",
    }
  }
  handleActiveItem={[Function]}
  handleEdit={[Function]}
  history={Object {}}
  isActive={false}
  onDeleteAccount={[Function]}
/>
`;
