// Jest Snapshot v1, https://goo.gl/fbAQLP

exports[`Header renders properly 1`] = `
<styled.header>
  <NavLink
    activeClassName="active"
    ariaCurrent="true"
    to="/"
  >
    <styled.div>
      Money Tracker
    </styled.div>
  </NavLink>
  <styled.div
    onClick={[Function]}
  >
    Logout
  </styled.div>
</styled.header>
`;
