// Jest Snapshot v1, https://goo.gl/fbAQLP

exports[`Transaction Item renders properly 1`] = `
<styled.div
  onClick={[Function]}
>
  <styled.div>
    <styled.div
      type="expense"
    />
    <styled.div>
      29
    </styled.div>
    <styled.div>
       
      Lorem Ipsum
       
    </styled.div>
    <styled.div>
      <styled.div
        color="salmon"
      />
      <styled.div>
        Home
      </styled.div>
    </styled.div>
    <styled.div
      transactionType="expense"
    >
      324.32
    </styled.div>
  </styled.div>
  <styled.div>
    <styled.div>
      Lorem
    </styled.div>
    <styled.div>
      <styled.div
        onClick={[Function]}
      >
        Edit
      </styled.div>
      <styled.div
        onClick={[Function]}
      >
        Delete
      </styled.div>
    </styled.div>
  </styled.div>
</styled.div>
`;
