// Jest Snapshot v1, https://goo.gl/fbAQLP

exports[`Transaction Item renders properly 1`] = `
<styled.div
  onClick={[Function]}
>
  <styled.div>
    <styled.div />
    <styled.div>
      Invalid Date
    </styled.div>
    <styled.div>
       
      Lorem Ipsum
       
    </styled.div>
    <styled.div>
      <styled.div
        color="#777"
      />
      <styled.div>
        Home
      </styled.div>
    </styled.div>
    <styled.div>
      150
    </styled.div>
  </styled.div>
  <styled.div>
    <styled.div>
      Lorem
    </styled.div>
    <styled.div>
      <styled.div
        onClick={[Function]}
      >
        Edit
      </styled.div>
      <styled.div
        onClick={[Function]}
      >
        Delete
      </styled.div>
    </styled.div>
  </styled.div>
</styled.div>
`;
