// Jest Snapshot v1, https://goo.gl/fbAQLP

exports[`Account Container renders properly 1`] = `
<Component
  accountToEdit={
    Object {
      "id": 1,
      "initialBalance": "25345.00",
      "name": "Lorem",
    }
  }
  error={null}
  isLoading={false}
  match={Object {}}
  onSubmitData={[Function]}
/>
`;
