// Jest Snapshot v1, https://goo.gl/fbAQLP

exports[`Account Form renders properly 1`] = `
<Form
  accountToEdit={
    Object {
      "id": 1,
      "initialBalance": "32423.43",
      "name": "Lorem",
    }
  }
  checkFormValidity={[Function]}
  error={null}
  generateFormData={[Function]}
  handleInputChange={[Function]}
  isLoading={false}
  match={
    Object {
      "path": "/path",
    }
  }
  onSubmitData={[Function]}
/>
`;
