// Jest Snapshot v1, https://goo.gl/fbAQLP

exports[`SignupPage renders properly 1`] = `
<styled.div>
  <styled.div>
    <Connect(SignupForm)
      toggleNewAccount={[Function]}
    />
  </styled.div>
  <styled.div>
    <styled.h2>
      Welcome to Wallet
    </styled.h2>
    <styled.p>
      Lorem ipsum dolor sit amet, consectetur adipiscing elit
    </styled.p>
    <styled.span>
      Photo by Romello Williams on Unsplash
    </styled.span>
  </styled.div>
</styled.div>
`;
