// Jest Snapshot v1, https://goo.gl/fbAQLP

exports[`AccountForm renders properly 1`] = `
<AccountForm
  checkFormValidity={[Function]}
  error={null}
  handleInputChange={[Function]}
  id={1}
  initialBalance="32423.43"
  isLoading={false}
  match={
    Object {
      "path": "/path",
    }
  }
  name="Lorem"
  submitData={[Function]}
/>
`;
