// Jest Snapshot v1, https://goo.gl/fbAQLP

exports[`Category Form Container renders properly 1`] = `
<Component
  categoryToEdit={
    Object {
      "color": "red",
      "id": 1,
      "name": "Lorem",
    }
  }
  error={null}
  isLoading={false}
  match={Object {}}
  onSubmitData={[Function]}
/>
`;
