// Jest Snapshot v1, https://goo.gl/fbAQLP

exports[`AccountItem renders properly 1`] = `
<styled.div
  isActive={false}
  onClick={[Function]}
>
  <styled.div>
    Mock Account
  </styled.div>
  <styled.div>
    $ 500.32
  </styled.div>
  <styled.div>
    <styled.div
      onClick={[Function]}
    >
      Edit
    </styled.div>
    <styled.div
      onClick={[Function]}
    >
      Delete
    </styled.div>
  </styled.div>
</styled.div>
`;
