// Jest Snapshot v1, https://goo.gl/fbAQLP

exports[`TransactionList renders properly 1`] = `
<styled.div>
  <styled.div>
    <Styled(NavLink)
      to="/transaction"
    >
      Add Transaction
    </Styled(NavLink)>
    <styled.div>
      <styled.div
        onClick={[Function]}
      >
        ‹
      </styled.div>
      <styled.div>
        April of 2018
      </styled.div>
      <styled.div
        onClick={[Function]}
      >
        ›
      </styled.div>
    </styled.div>
  </styled.div>
  <TransactionItem
    category={
      Object {
        "color": "#DDD",
        "name": "Transport",
      }
    }
    date="2018-04-22"
    description="Uber"
    handleActiveItem={[Function]}
    id="AA8236$@"
    isActive={false}
    key="AA8236$@"
    transaction_type="expense"
    value={150.67}
  />
  <TransactionItem
    category={
      Object {
        "color": "lightblue",
        "name": "Salary",
      }
    }
    date="2018-04-23"
    description="Lorem Ipsum Dolor Transaction Mousepad Monitor"
    handleActiveItem={[Function]}
    id="BB8236$@"
    isActive={false}
    key="BB8236$@"
    transaction_type="earning"
    value={200.43}
  />
  <TransactionItem
    category={
      Object {
        "color": "#FA7203",
        "name": "Home",
      }
    }
    date="2018-04-24"
    description="Lorem Ipsum Dolor"
    handleActiveItem={[Function]}
    id="CC8236$@"
    isActive={false}
    key="CC8236$@"
    transaction_type="expense"
    value={8.34}
  />
</styled.div>
`;
