// Jest Snapshot v1, https://goo.gl/fbAQLP

exports[`AccountListContainer renders properly 1`] = `
<Component
  accountList={
    Array [
      Object {
        "id": "1",
        "initialBalance": "34534",
        "name": "Lorem One",
      },
      Object {
        "id": "2",
        "initialBalance": "94834",
        "name": "Lorem Two",
      },
    ]
  }
  error={null}
  isLoading={false}
/>
`;
