// Jest Snapshot v1, https://goo.gl/fbAQLP

exports[`TransactionItem renders properly 1`] = `
<styled.div
  onClick={[Function]}
>
  <styled.div>
    <styled.div
      type="earning"
    />
    <styled.div>
      Invalid Date
    </styled.div>
    <styled.div>
       
      Lorem Ipsum
       
    </styled.div>
    <styled.div>
      <styled.div
        color="#777"
      />
      <styled.div>
        Home
      </styled.div>
    </styled.div>
    <styled.div
      transactionType="earning"
    >
      150
    </styled.div>
  </styled.div>
  <styled.div>
    <styled.div>
      Edit
    </styled.div>
    <styled.div>
      Delete
    </styled.div>
  </styled.div>
</styled.div>
`;
