// Jest Snapshot v1, https://goo.gl/fbAQLP

exports[`App renders properly 1`] = `
<React.Fragment>
  <Connect(Container) />
  <Switch>
    <PrivateRoute
      component={[Function]}
      exact={true}
      isAuthenticated={true}
      path="/"
    />
    <Route
      component={[Function]}
      path="/auth"
    />
    <PrivateRoute
      component={[Function]}
      exact={true}
      isAuthenticated={true}
      path="/accounts"
    />
    <PrivateRoute
      component={[Function]}
      exact={true}
      isAuthenticated={true}
      path="/accounts/new"
    />
    <PrivateRoute
      component={[Function]}
      exact={true}
      isAuthenticated={true}
      path="/accounts/:id/edit"
    />
    <PrivateRoute
      component={[Function]}
      exact={true}
      isAuthenticated={true}
      path="/categories"
    />
    <PrivateRoute
      component={[Function]}
      exact={true}
      isAuthenticated={true}
      path="/categories/new"
    />
    <PrivateRoute
      component={[Function]}
      exact={true}
      isAuthenticated={true}
      path="/categories/:id/edit"
    />
    <PrivateRoute
      component={[Function]}
      exact={true}
      isAuthenticated={true}
      path="/transactions/new"
    />
    <PrivateRoute
      component={[Function]}
      exact={true}
      isAuthenticated={true}
      path="/transactions/:id/edit"
    />
    <Route
      component={[Function]}
    />
  </Switch>
</React.Fragment>
`;
