// Jest Snapshot v1, https://goo.gl/fbAQLP

exports[`App renders properly 1`] = `
<Switch>
  <Route
    component={[Function]}
    exact={true}
    path="/"
  />
  <Route
    component={[Function]}
    path="/auth"
  />
  <Route
    component={[Function]}
    exact={true}
    path="/accounts"
  />
  <Route
    component={[Function]}
    exact={true}
    path="/accounts/new"
  />
  <Route
    component={[Function]}
    exact={true}
    path="/accounts/:id/edit"
  />
  <Route
    component={[Function]}
    exact={true}
    path="/categories"
  />
  <Route
    component={[Function]}
    exact={true}
    path="/categories/new"
  />
  <Route
    component={[Function]}
    exact={true}
    path="/categories/:id/edit"
  />
  <Route
    component={[Function]}
    exact={true}
    path="/transactions/new"
  />
  <Route
    component={[Function]}
    exact={true}
    path="/transactions/:id/edit"
  />
  <Route
    component={[Function]}
  />
</Switch>
`;
